../Core/Src/quadspi.c:36:6:MX_QUADSPI_Init	8	static
../Core/Src/quadspi.c:63:6:HAL_QSPI_MspInit	48	static
../Core/Src/quadspi.c:105:6:HAL_QSPI_MspDeInit	16	static
../Core/Src/quadspi.c:138:9:CSP_QUADSPI_Init	8	static
../Core/Src/quadspi.c:163:9:CSP_QSPI_Erase_Chip	64	static
../Core/Src/quadspi.c:199:10:CSP_QSPI_ID	4	static
../Core/Src/quadspi.c:203:9:QSPI_AutoPollingMemReady	88	static
../Core/Src/quadspi.c:235:9:QSPI_WriteEnable	88	static
../Core/Src/quadspi.c:274:9:CSP_QSPI_Read_StatusRegister3	72	static
../Core/Src/quadspi.c:297:9:CSP_QSPI_Read_StatusRegister2	72	static
../Core/Src/quadspi.c:320:9:CSP_QSPI_Read_StatusRegister1	72	static
../Core/Src/quadspi.c:344:9:QSPI_Configuration	4	static
../Core/Src/quadspi.c:412:9:CSP_QSPI_EraseSector	72	static
../Core/Src/quadspi.c:453:9:CSP_QSPI_EnableMemoryMappedMode	72	static
../Core/Src/quadspi.c:497:9:QSPI_ResetChip	72	static,ignoring_inline_asm
../Core/Src/quadspi.c:542:9:CSP_QSPI_Erase_Block	72	static
../Core/Src/quadspi.c:581:9:CSP_QSPI_WriteMemory	96	static
../Core/Src/quadspi.c:651:9:CSP_QSPI_Read	88	static
